9 Test cases
SUCCESS 1
SUCCESS 2
SUCCESS 3
SUCCESS 4
SUCCESS 5
SUCCESS 6
SUCCESS 7
SUCCESS 8
SUCCESS 9
