The next line should be 'NOTSET: parameter not set'
NOTSET: Parameter not set
