6 test cases
SUCCESS 1
SUCCESS 2
SUCCESS 3
SUCCESS 4
SUCCESS 5
SUCCESS 6
