2 test cases
Should print 'SUCCESS 1' twice
SUCCESS 1
SUCCESS 1
SUCCESS 2
